UNKNOWN_TYPE | TopicList | Category | Topic10 | TopicList_1
NAME_FULL | Name | From |  | TopicList_1
PHONE_HOME_WHOLE_NUMBER | DayPhone | Daytime Phone |  | TopicList_1
UNKNOWN_TYPE | Subject | Subject |  | TopicList_1
PHONE_HOME_WHOLE_NUMBER | EvePhone | Evening Phone |  | TopicList_1
UNKNOWN_TYPE | AccountList | Account | NO_SELECTION | TopicList_1
UNKNOWN_TYPE | BodyText |  |  | TopicList_1
