UNKNOWN_TYPE | creditCard | American Express Discover |  | creditCard_1
CREDIT_CARD_NAME_FULL | cardholderName | Cardholder's name |  | cardholderName_2
CREDIT_CARD_EXP_MONTH | expireMonth | Expiration Date |  | cardholderName_2
CREDIT_CARD_EXP_4_DIGIT_YEAR | expireYear | Expiration Date |  | cardholderName_2
CREDIT_CARD_VERIFICATION_CODE | securityNumber | CVV Number 3 or 4 digit number |  | cardholderName_2
UNKNOWN_TYPE | nickname | Card's nickname e.g. My Visa, Corporate card, etc |  | creditCard_1
UNKNOWN_TYPE | useAddress | Use stored address | use-stored-address | creditCard_1
UNKNOWN_TYPE | stored-address |  | ? | creditCard_1
UNKNOWN_TYPE | useAddress | Add new address | add-new-address | creditCard_1
UNKNOWN_TYPE | shouldSave | Save credit card info | on | creditCard_1
